// Jest Snapshot v1, https://goo.gl/fbAQLP

exports[`Click Should match the snapshot 1`] = `
Array [
  <div>
    <p>
        Aktuelle Anzahl: 
    </p>
    <button
        onClick={undefined}
        type="button"
    >
        Klick
    </button>
</div>,
]
`;
