// Jest Snapshot v1, https://goo.gl/fbAQLP

exports[`Header should match the snapshot 1`] = `
Array [
  <header
    className="jumbotron"
>
    <h1>
        Contact Manager
    </h1>
</header>,
]
`;
